Warning: You are sending unauthenticated requests to the HF Hub. Please set a HF_TOKEN to enable higher rate limits and faster downloads.
shards: 7
aux: config.json
aux: generation_config.json
aux: tokenizer_config.json
aux: tokenizer.json
aux: special_tokens_map.json
aux: modeling_exaone.py
aux: configuration_exaone.py
aux: model.safetensors.index.json
[1/7] download model-00001-of-00007.safetensors
[1/7] model-00001-of-00007.safetensors -> bf16 저장, fp32 삭제
[2/7] download model-00002-of-00007.safetensors
[2/7] model-00002-of-00007.safetensors -> bf16 저장, fp32 삭제
[3/7] download model-00003-of-00007.safetensors
[3/7] model-00003-of-00007.safetensors -> bf16 저장, fp32 삭제
[4/7] download model-00004-of-00007.safetensors
[4/7] model-00004-of-00007.safetensors -> bf16 저장, fp32 삭제
[5/7] download model-00005-of-00007.safetensors
[5/7] model-00005-of-00007.safetensors -> bf16 저장, fp32 삭제
[6/7] download model-00006-of-00007.safetensors
[6/7] model-00006-of-00007.safetensors -> bf16 저장, fp32 삭제
[7/7] download model-00007-of-00007.safetensors
[7/7] model-00007-of-00007.safetensors -> bf16 저장, fp32 삭제
ALL DONE -> /root/exaone-bf16  (15.6 GB)
